[2025-10-19 16:40:11] [INFO] [MAIN] Unified logging system initialized
[2025-10-19 16:45:45] [INFO] [MAIN] Unified logging system initialized
[2025-10-19 16:49:17] [INFO] [MAIN] Unified logging system initialized
[2025-10-19 16:51:21] [INFO] [MAIN] Unified logging system initialized
[2025-10-19 17:01:29] [INFO] [MAIN] Unified logging system initialized
[2025-10-19 17:30:09] [INFO] [MAIN] Unified logging system initialized
[2025-10-20 12:16:43] [INFO] [MAIN] Unified logging system initialized
[2025-10-20 12:59:21] [INFO] [MAIN] Unified logging system initialized
[2025-10-21 09:17:23] [INFO] [MAIN] Unified logging system initialized
[2025-10-21 12:05:46] [INFO] [MAIN] Unified logging system initialized
[2025-10-21 12:09:26] [INFO] [MAIN] Unified logging system initialized
[2025-10-21 12:15:12] [INFO] [MAIN] Unified logging system initialized
[2025-10-21 16:39:43] [INFO] [MAIN] Unified logging system initialized
[2025-10-21 16:43:27] [INFO] [MAIN] Unified logging system initialized
[2025-10-21 16:44:59] [INFO] [MAIN] Unified logging system initialized
[2025-10-21 16:53:11] [INFO] [MAIN] Unified logging system initialized
[2025-10-21 16:57:03] [INFO] [MAIN] Unified logging system initialized
[2025-10-21 17:00:17] [EXCEPTION] [TKINTER] Tkinter callback exception: "Service 'permission_service' is not registered"
Traceback (most recent call last):
  File "C:\Users\saoud\AppData\Local\Programs\Python\Python312\Lib\tkinter\__init__.py", line 1968, in __call__
    return self.func(*args)
           ^^^^^^^^^^^^^^^^
  File "C:\Users\saoud\Desktop\New folder\STFOOM\main.py", line 1477, in <lambda>
    command=lambda p=page: switch_to(p),
                           ^^^^^^^^^^^^
  File "C:\Users\saoud\Desktop\New folder\STFOOM\main.py", line 1566, in switch_to
    current_page = PageClass(ui_container, di_container, show_main_menu)
                   ^^^^^^^^^^^^^^^^^^^^^^^^^^^^^^^^^^^^^^^^^^^^^^^^^^^^^
  File "C:\Users\saoud\Desktop\New folder\STFOOM\app\stfoom\ui\permission_management_page.py", line 13, in __init__
    self.permission_service = di_container.get('permission_service')
                              ^^^^^^^^^^^^^^^^^^^^^^^^^^^^^^^^^^^^^^
  File "C:\Users\saoud\Desktop\New folder\STFOOM\app\stfoom\core\container.py", line 62, in get
    raise KeyError(f"Service '{name}' is not registered")
KeyError: "Service 'permission_service' is not registered"
Extra: {'exc_type': 'KeyError', 'timestamp': '2025-10-21 17:00:17'}
[2025-10-21 17:00:41] [INFO] [MAIN] Unified logging system initialized
[2025-10-21 17:39:45] [INFO] [MAIN] Unified logging system initialized
[2025-10-21 17:42:34] [INFO] [MAIN] Unified logging system initialized
[2025-10-21 17:47:04] [INFO] [MAIN] Unified logging system initialized
[2025-10-22 08:19:59] [INFO] [MAIN] Unified logging system initialized
[2025-10-22 08:22:06] [INFO] [MAIN] Unified logging system initialized
[2025-10-22 08:35:21] [INFO] [MAIN] Unified logging system initialized
[2025-10-23 14:41:06] [INFO] [MAIN] Unified logging system initialized
[2025-10-23 14:45:36] [INFO] [MAIN] Application interrupted by user (Ctrl+C)
[2025-10-23 14:45:38] [INFO] [MAIN] Unified logging system initialized
[2025-10-23 15:12:38] [INFO] [MAIN] Unified logging system initialized
[2025-10-23 20:00:55] [INFO] [MAIN] Unified logging system initialized
[2025-10-23 20:32:22] [INFO] [MAIN] Unified logging system initialized
[2025-10-24 08:05:21] [INFO] [MAIN] Unified logging system initialized
[2025-10-24 08:18:11] [INFO] [MAIN] Unified logging system initialized
[2025-10-24 08:36:32] [INFO] [MAIN] Unified logging system initialized
[2025-10-24 08:39:29] [INFO] [MAIN] Unified logging system initialized
[2025-10-24 08:44:07] [INFO] [MAIN] Unified logging system initialized
[2025-10-24 08:46:36] [INFO] [MAIN] Unified logging system initialized
[2025-10-24 08:47:57] [INFO] [MAIN] Unified logging system initialized
[2025-10-24 09:08:43] [INFO] [MAIN] Unified logging system initialized
[2025-10-24 19:42:30] [INFO] [MAIN] Unified logging system initialized
[2025-10-24 20:06:40] [INFO] [MAIN] Application interrupted by user (Ctrl+C)
[2025-10-24 20:06:52] [INFO] [MAIN] Unified logging system initialized
[2025-10-24 20:10:07] [INFO] [MAIN] Unified logging system initialized
[2025-10-24 20:13:18] [INFO] [MAIN] Unified logging system initialized
[2025-10-24 22:46:38] [INFO] [MAIN] Unified logging system initialized
[2025-10-24 22:49:26] [INFO] [MAIN] Unified logging system initialized
[2025-10-24 22:51:52] [INFO] [MAIN] Unified logging system initialized
[2025-10-25 14:07:19] [INFO] [MAIN] Unified logging system initialized
[2025-10-25 14:08:16] [INFO] [MAIN] Application interrupted by user (Ctrl+C)
[2025-10-25 14:17:08] [INFO] [MAIN] Unified logging system initialized
[2025-10-25 14:20:54] [INFO] [MAIN] Unified logging system initialized
[2025-10-25 14:22:38] [INFO] [MAIN] Unified logging system initialized
[2025-10-27 13:51:06] [INFO] [MAIN] Unified logging system initialized
[2025-10-27 13:59:32] [INFO] [MAIN] Unified logging system initialized
[2025-10-27 16:57:30] [INFO] [MAIN] Unified logging system initialized
[2025-10-27 17:16:33] [INFO] [MAIN] Unified logging system initialized
[2025-10-28 09:37:33] [INFO] [MAIN] Unified logging system initialized
[2025-10-29 08:18:33] [INFO] [MAIN] Unified logging system initialized
[2025-10-29 10:30:25] [INFO] [MAIN] Unified logging system initialized
[2025-10-30 07:34:01] [INFO] [MAIN] Unified logging system initialized
[2025-10-30 07:51:37] [INFO] [MAIN] Unified logging system initialized
[2025-10-30 08:09:54] [INFO] [MAIN] Unified logging system initialized
[2025-10-30 08:11:53] [INFO] [MAIN] Unified logging system initialized
[2025-10-30 08:12:03] [INFO] [MAIN] Unified logging system initialized
[2025-10-30 08:17:39] [INFO] [MAIN] Unified logging system initialized
[2025-10-30 08:36:21] [INFO] [MAIN] Unified logging system initialized
[2025-10-30 10:15:58] [INFO] [MAIN] Unified logging system initialized
[2025-10-30 10:46:58] [INFO] [MAIN] Unified logging system initialized
[2025-10-30 13:07:36] [INFO] [MAIN] Unified logging system initialized
[2025-10-30 16:42:53] [INFO] [MAIN] Unified logging system initialized
[2025-10-31 06:43:20] [INFO] [MAIN] Unified logging system initialized
[2025-10-31 06:46:59] [INFO] [MAIN] Unified logging system initialized
[2025-10-31 06:58:29] [INFO] [MAIN] Unified logging system initialized
[2025-10-31 06:59:50] [INFO] [MAIN] Unified logging system initialized
[2025-10-31 07:01:31] [INFO] [MAIN] Unified logging system initialized
[2025-10-31 07:03:14] [INFO] [MAIN] Unified logging system initialized
[2025-10-31 07:24:42] [INFO] [MAIN] Unified logging system initialized
[2025-10-31 07:45:47] [INFO] [MAIN] Unified logging system initialized
[2025-10-31 18:39:56] [INFO] [MAIN] Unified logging system initialized
[2025-11-05 11:42:06] [INFO] [MAIN] Unified logging system initialized
[2025-11-06 06:41:25] [INFO] [MAIN] Unified logging system initialized
[2025-11-06 07:01:28] [INFO] [MAIN] Unified logging system initialized
[2025-11-06 08:08:14] [INFO] [MAIN] Unified logging system initialized
[2025-11-06 08:08:49] [EXCEPTION] [TKINTER] Tkinter callback exception: invalid command name ".!frame.!frame.!syncpage.!canvas.!frame.!labelframe4.!frame.!text"
Traceback (most recent call last):
  File "C:\Users\saoud\AppData\Local\Programs\Python\Python312\Lib\tkinter\__init__.py", line 1968, in __call__
    return self.func(*args)
           ^^^^^^^^^^^^^^^^
  File "C:\Users\saoud\AppData\Local\Programs\Python\Python312\Lib\tkinter\__init__.py", line 862, in callit
    func(*args)
  File "c:\Users\saoud\Desktop\New folder\STFOOM\app\stfoom\ui\sync_page.py", line 798, in <lambda>
    self.after(0, lambda: self.log_message(f"Sync pull: {'OK' if ok else 'FAILED'}"))
                          ^^^^^^^^^^^^^^^^^^^^^^^^^^^^^^^^^^^^^^^^^^^^^^^^^^^^^^^^^^
  File "c:\Users\saoud\Desktop\New folder\STFOOM\app\stfoom\ui\sync_page.py", line 1197, in log_message
    self.log_text.insert("end", log_entry)
  File "C:\Users\saoud\AppData\Local\Programs\Python\Python312\Lib\tkinter\__init__.py", line 3844, in insert
    self.tk.call((self._w, 'insert', index, chars) + args)
_tkinter.TclError: invalid command name ".!frame.!frame.!syncpage.!canvas.!frame.!labelframe4.!frame.!text"
Extra: {'exc_type': 'TclError', 'timestamp': '2025-11-06 08:08:49'}
[2025-11-06 08:33:43] [INFO] [MAIN] Unified logging system initialized
[2025-11-06 08:34:04] [EXCEPTION] [TKINTER] Tkinter callback exception: invalid command name ".!frame.!frame.!syncpage.!canvas.!frame.!labelframe4.!frame.!text"
Traceback (most recent call last):
  File "C:\Users\saoud\AppData\Local\Programs\Python\Python312\Lib\tkinter\__init__.py", line 1968, in __call__
    return self.func(*args)
           ^^^^^^^^^^^^^^^^
  File "C:\Users\saoud\AppData\Local\Programs\Python\Python312\Lib\tkinter\__init__.py", line 862, in callit
    func(*args)
  File "c:\Users\saoud\Desktop\New folder\STFOOM\app\stfoom\ui\sync_page.py", line 798, in <lambda>
    self.after(0, lambda: self.log_message(f"Sync pull: {'OK' if ok else 'FAILED'}"))
                          ^^^^^^^^^^^^^^^^^^^^^^^^^^^^^^^^^^^^^^^^^^^^^^^^^^^^^^^^^^
  File "c:\Users\saoud\Desktop\New folder\STFOOM\app\stfoom\ui\sync_page.py", line 1197, in log_message
    self.log_text.insert("end", log_entry)
  File "C:\Users\saoud\AppData\Local\Programs\Python\Python312\Lib\tkinter\__init__.py", line 3844, in insert
    self.tk.call((self._w, 'insert', index, chars) + args)
_tkinter.TclError: invalid command name ".!frame.!frame.!syncpage.!canvas.!frame.!labelframe4.!frame.!text"
Extra: {'exc_type': 'TclError', 'timestamp': '2025-11-06 08:34:04'}
[2025-11-06 08:34:34] [EXCEPTION] [TKINTER] Tkinter callback exception: invalid command name ".!frame.!frame.!syncpage2.!canvas.!frame.!labelframe4.!frame.!text"
Traceback (most recent call last):
  File "C:\Users\saoud\AppData\Local\Programs\Python\Python312\Lib\tkinter\__init__.py", line 1968, in __call__
    return self.func(*args)
           ^^^^^^^^^^^^^^^^
  File "C:\Users\saoud\AppData\Local\Programs\Python\Python312\Lib\tkinter\__init__.py", line 862, in callit
    func(*args)
  File "c:\Users\saoud\Desktop\New folder\STFOOM\app\stfoom\ui\sync_page.py", line 798, in <lambda>
    self.after(0, lambda: self.log_message(f"Sync pull: {'OK' if ok else 'FAILED'}"))
                          ^^^^^^^^^^^^^^^^^^^^^^^^^^^^^^^^^^^^^^^^^^^^^^^^^^^^^^^^^^
  File "c:\Users\saoud\Desktop\New folder\STFOOM\app\stfoom\ui\sync_page.py", line 1197, in log_message
    self.log_text.insert("end", log_entry)
  File "C:\Users\saoud\AppData\Local\Programs\Python\Python312\Lib\tkinter\__init__.py", line 3844, in insert
    self.tk.call((self._w, 'insert', index, chars) + args)
_tkinter.TclError: invalid command name ".!frame.!frame.!syncpage2.!canvas.!frame.!labelframe4.!frame.!text"
Extra: {'exc_type': 'TclError', 'timestamp': '2025-11-06 08:34:34'}
[2025-11-06 08:35:10] [EXCEPTION] [TKINTER] Tkinter callback exception: invalid command name ".!frame.!frame.!syncpage3.!canvas.!frame.!labelframe4.!frame.!text"
Traceback (most recent call last):
  File "C:\Users\saoud\AppData\Local\Programs\Python\Python312\Lib\tkinter\__init__.py", line 1968, in __call__
    return self.func(*args)
           ^^^^^^^^^^^^^^^^
  File "C:\Users\saoud\AppData\Local\Programs\Python\Python312\Lib\tkinter\__init__.py", line 862, in callit
    func(*args)
  File "c:\Users\saoud\Desktop\New folder\STFOOM\app\stfoom\ui\sync_page.py", line 788, in <lambda>
    self.after(0, lambda: self.log_message(f"Sync push: {'OK' if ok else 'FAILED'} (transferred ~{_fmt(last)})"))
                          ^^^^^^^^^^^^^^^^^^^^^^^^^^^^^^^^^^^^^^^^^^^^^^^^^^^^^^^^^^^^^^^^^^^^^^^^^^^^^^^^^^^^^^
  File "c:\Users\saoud\Desktop\New folder\STFOOM\app\stfoom\ui\sync_page.py", line 1197, in log_message
    self.log_text.insert("end", log_entry)
  File "C:\Users\saoud\AppData\Local\Programs\Python\Python312\Lib\tkinter\__init__.py", line 3844, in insert
    self.tk.call((self._w, 'insert', index, chars) + args)
_tkinter.TclError: invalid command name ".!frame.!frame.!syncpage3.!canvas.!frame.!labelframe4.!frame.!text"
Extra: {'exc_type': 'TclError', 'timestamp': '2025-11-06 08:35:10'}
[2025-11-06 08:35:11] [EXCEPTION] [TKINTER] Tkinter callback exception: cannot access free variable 'e' where it is not associated with a value in enclosing scope
Traceback (most recent call last):
  File "C:\Users\saoud\AppData\Local\Programs\Python\Python312\Lib\tkinter\__init__.py", line 1968, in __call__
    return self.func(*args)
           ^^^^^^^^^^^^^^^^
  File "C:\Users\saoud\AppData\Local\Programs\Python\Python312\Lib\tkinter\__init__.py", line 862, in callit
    func(*args)
  File "c:\Users\saoud\Desktop\New folder\STFOOM\app\stfoom\ui\sync_page.py", line 801, in <lambda>
    self.after(0, lambda: self.log_message(f"Sync pull exception: {e}"))
                                                                   ^
NameError: cannot access free variable 'e' where it is not associated with a value in enclosing scope
Extra: {'exc_type': 'NameError', 'timestamp': '2025-11-06 08:35:11'}
[2025-11-06 08:35:16] [EXCEPTION] [TKINTER] Tkinter callback exception: invalid command name ".!frame.!frame.!syncpage3.!canvas.!frame.!labelframe4.!frame.!text"
Traceback (most recent call last):
  File "C:\Users\saoud\AppData\Local\Programs\Python\Python312\Lib\tkinter\__init__.py", line 1968, in __call__
    return self.func(*args)
           ^^^^^^^^^^^^^^^^
  File "C:\Users\saoud\AppData\Local\Programs\Python\Python312\Lib\tkinter\__init__.py", line 862, in callit
    func(*args)
  File "c:\Users\saoud\Desktop\New folder\STFOOM\app\stfoom\ui\sync_page.py", line 798, in <lambda>
    self.after(0, lambda: self.log_message(f"Sync pull: {'OK' if ok else 'FAILED'}"))
                          ^^^^^^^^^^^^^^^^^^^^^^^^^^^^^^^^^^^^^^^^^^^^^^^^^^^^^^^^^^
  File "c:\Users\saoud\Desktop\New folder\STFOOM\app\stfoom\ui\sync_page.py", line 1197, in log_message
    self.log_text.insert("end", log_entry)
  File "C:\Users\saoud\AppData\Local\Programs\Python\Python312\Lib\tkinter\__init__.py", line 3844, in insert
    self.tk.call((self._w, 'insert', index, chars) + args)
_tkinter.TclError: invalid command name ".!frame.!frame.!syncpage3.!canvas.!frame.!labelframe4.!frame.!text"
Extra: {'exc_type': 'TclError', 'timestamp': '2025-11-06 08:35:16'}
[2025-11-06 08:35:58] [EXCEPTION] [TKINTER] Tkinter callback exception: invalid command name ".!frame.!frame.!syncpage4.!canvas.!frame.!labelframe4.!frame.!text"
Traceback (most recent call last):
  File "C:\Users\saoud\AppData\Local\Programs\Python\Python312\Lib\tkinter\__init__.py", line 1968, in __call__
    return self.func(*args)
           ^^^^^^^^^^^^^^^^
  File "C:\Users\saoud\AppData\Local\Programs\Python\Python312\Lib\tkinter\__init__.py", line 862, in callit
    func(*args)
  File "c:\Users\saoud\Desktop\New folder\STFOOM\app\stfoom\ui\sync_page.py", line 798, in <lambda>
    self.after(0, lambda: self.log_message(f"Sync pull: {'OK' if ok else 'FAILED'}"))
                          ^^^^^^^^^^^^^^^^^^^^^^^^^^^^^^^^^^^^^^^^^^^^^^^^^^^^^^^^^^
  File "c:\Users\saoud\Desktop\New folder\STFOOM\app\stfoom\ui\sync_page.py", line 1197, in log_message
    self.log_text.insert("end", log_entry)
  File "C:\Users\saoud\AppData\Local\Programs\Python\Python312\Lib\tkinter\__init__.py", line 3844, in insert
    self.tk.call((self._w, 'insert', index, chars) + args)
_tkinter.TclError: invalid command name ".!frame.!frame.!syncpage4.!canvas.!frame.!labelframe4.!frame.!text"
Extra: {'exc_type': 'TclError', 'timestamp': '2025-11-06 08:35:58'}
[2025-11-06 08:36:26] [EXCEPTION] [TKINTER] Tkinter callback exception: invalid command name ".!frame.!frame.!syncpage6.!canvas.!frame.!labelframe4.!frame.!text"
Traceback (most recent call last):
  File "C:\Users\saoud\AppData\Local\Programs\Python\Python312\Lib\tkinter\__init__.py", line 1968, in __call__
    return self.func(*args)
           ^^^^^^^^^^^^^^^^
  File "C:\Users\saoud\AppData\Local\Programs\Python\Python312\Lib\tkinter\__init__.py", line 862, in callit
    func(*args)
  File "c:\Users\saoud\Desktop\New folder\STFOOM\app\stfoom\ui\sync_page.py", line 798, in <lambda>
    self.after(0, lambda: self.log_message(f"Sync pull: {'OK' if ok else 'FAILED'}"))
                          ^^^^^^^^^^^^^^^^^^^^^^^^^^^^^^^^^^^^^^^^^^^^^^^^^^^^^^^^^^
  File "c:\Users\saoud\Desktop\New folder\STFOOM\app\stfoom\ui\sync_page.py", line 1197, in log_message
    self.log_text.insert("end", log_entry)
  File "C:\Users\saoud\AppData\Local\Programs\Python\Python312\Lib\tkinter\__init__.py", line 3844, in insert
    self.tk.call((self._w, 'insert', index, chars) + args)
_tkinter.TclError: invalid command name ".!frame.!frame.!syncpage6.!canvas.!frame.!labelframe4.!frame.!text"
Extra: {'exc_type': 'TclError', 'timestamp': '2025-11-06 08:36:26'}
[2025-11-06 09:11:42] [INFO] [MAIN] Unified logging system initialized
[2025-11-06 09:16:19] [EXCEPTION] [TKINTER] Tkinter callback exception: invalid command name ".!frame.!frame.!syncpage.!canvas.!frame.!labelframe4.!frame.!text"
Traceback (most recent call last):
  File "C:\Users\saoud\AppData\Local\Programs\Python\Python312\Lib\tkinter\__init__.py", line 1968, in __call__
    return self.func(*args)
           ^^^^^^^^^^^^^^^^
  File "C:\Users\saoud\AppData\Local\Programs\Python\Python312\Lib\tkinter\__init__.py", line 862, in callit
    func(*args)
  File "c:\Users\saoud\Desktop\New folder\STFOOM\app\stfoom\ui\sync_page.py", line 798, in <lambda>
    self.after(0, lambda: self.log_message(f"Sync pull: {'OK' if ok else 'FAILED'}"))
                          ^^^^^^^^^^^^^^^^^^^^^^^^^^^^^^^^^^^^^^^^^^^^^^^^^^^^^^^^^^
  File "c:\Users\saoud\Desktop\New folder\STFOOM\app\stfoom\ui\sync_page.py", line 1197, in log_message
    self.log_text.insert("end", log_entry)
  File "C:\Users\saoud\AppData\Local\Programs\Python\Python312\Lib\tkinter\__init__.py", line 3844, in insert
    self.tk.call((self._w, 'insert', index, chars) + args)
_tkinter.TclError: invalid command name ".!frame.!frame.!syncpage.!canvas.!frame.!labelframe4.!frame.!text"
Extra: {'exc_type': 'TclError', 'timestamp': '2025-11-06 09:16:19'}
[2025-11-06 10:13:17] [INFO] [MAIN] Unified logging system initialized
[2025-11-07 20:55:26] [INFO] [MAIN] Unified logging system initialized
[2025-11-08 07:58:31] [INFO] [MAIN] Unified logging system initialized
[2025-11-08 08:00:22] [INFO] [MAIN] Unified logging system initialized
[2025-11-08 08:10:25] [INFO] [MAIN] Unified logging system initialized
[2025-11-08 08:13:03] [INFO] [MAIN] Unified logging system initialized
[2025-11-08 08:17:05] [INFO] [MAIN] Unified logging system initialized
[2025-11-08 08:23:37] [INFO] [MAIN] Unified logging system initialized
[2025-11-08 08:43:36] [INFO] [MAIN] Unified logging system initialized
[2025-11-08 09:03:20] [INFO] [MAIN] Unified logging system initialized
[2025-11-08 09:11:08] [INFO] [MAIN] Unified logging system initialized
[2025-11-08 09:11:43] [INFO] [MAIN] Unified logging system initialized
[2025-11-08 09:13:21] [INFO] [MAIN] Unified logging system initialized
[2025-11-08 09:24:05] [INFO] [MAIN] Unified logging system initialized
[2025-11-08 09:28:01] [INFO] [MAIN] Unified logging system initialized
[2025-11-08 09:33:11] [INFO] [MAIN] Unified logging system initialized
[2025-11-08 09:39:04] [INFO] [MAIN] Unified logging system initialized
[2025-11-08 09:50:23] [INFO] [MAIN] Unified logging system initialized
[2025-11-08 09:56:04] [INFO] [MAIN] Unified logging system initialized
[2025-11-08 10:39:53] [INFO] [MAIN] Unified logging system initialized
[2025-11-08 10:43:12] [INFO] [MAIN] Unified logging system initialized
[2025-11-08 10:52:19] [INFO] [MAIN] Unified logging system initialized
[2025-11-08 10:58:14] [INFO] [MAIN] Unified logging system initialized
[2025-11-08 11:03:02] [INFO] [MAIN] Unified logging system initialized
[2025-11-08 11:55:17] [INFO] [MAIN] Unified logging system initialized
[2025-11-08 16:13:40] [INFO] [MAIN] Unified logging system initialized
[2025-11-08 16:26:35] [INFO] [MAIN] Unified logging system initialized
[2025-11-08 17:00:11] [INFO] [MAIN] Unified logging system initialized
[2025-11-08 17:15:16] [INFO] [MAIN] Unified logging system initialized
[2025-11-08 17:28:29] [INFO] [MAIN] Unified logging system initialized
[2025-11-08 19:56:27] [INFO] [MAIN] Unified logging system initialized
[2025-11-08 20:14:50] [INFO] [MAIN] Unified logging system initialized
[2025-11-08 20:19:37] [INFO] [MAIN] Unified logging system initialized
[2025-11-08 20:49:38] [INFO] [MAIN] Unified logging system initialized
[2025-11-08 21:46:06] [INFO] [MAIN] Unified logging system initialized
[2025-11-08 22:41:10] [INFO] [MAIN] Unified logging system initialized
[2025-11-08 22:53:22] [INFO] [MAIN] Unified logging system initialized
[2025-11-08 23:44:19] [INFO] [MAIN] Unified logging system initialized
[2025-11-09 17:32:20] [INFO] [MAIN] Unified logging system initialized
[2025-11-09 17:39:06] [INFO] [MAIN] Unified logging system initialized
[2025-11-09 17:41:05] [INFO] [MAIN] Unified logging system initialized
[2025-11-09 18:06:25] [INFO] [MAIN] Unified logging system initialized
[2025-11-09 18:28:56] [INFO] [MAIN] Application interrupted by user (Ctrl+C)
[2025-11-09 18:29:50] [INFO] [MAIN] Unified logging system initialized
[2025-11-09 18:35:28] [INFO] [MAIN] Unified logging system initialized
[2025-11-09 18:37:02] [INFO] [MAIN] Application interrupted by user (Ctrl+C)
[2025-11-09 18:41:18] [INFO] [MAIN] Unified logging system initialized
[2025-11-09 18:43:11] [INFO] [MAIN] Application interrupted by user (Ctrl+C)
[2025-11-09 18:54:34] [INFO] [MAIN] Unified logging system initialized
[2025-11-09 19:14:52] [INFO] [MAIN] Unified logging system initialized
[2025-11-09 19:52:12] [INFO] [MAIN] Unified logging system initialized
[2025-11-09 20:16:32] [INFO] [MAIN] Unified logging system initialized
[2025-11-09 20:54:43] [INFO] [MAIN] Unified logging system initialized
[2025-11-09 21:05:15] [INFO] [MAIN] Unified logging system initialized
[2025-11-09 21:26:25] [INFO] [MAIN] Unified logging system initialized
[2025-11-09 21:30:17] [INFO] [MAIN] Unified logging system initialized
[2025-11-09 21:40:13] [INFO] [MAIN] Unified logging system initialized
[2025-11-09 21:41:05] [INFO] [MAIN] Unified logging system initialized
[2025-11-09 21:47:36] [INFO] [MAIN] Unified logging system initialized
[2025-11-09 21:49:05] [INFO] [MAIN] Unified logging system initialized
[2025-11-09 22:00:50] [INFO] [MAIN] Unified logging system initialized
[2025-11-09 22:07:25] [INFO] [MAIN] Unified logging system initialized
[2025-11-09 22:08:37] [INFO] [MAIN] Unified logging system initialized
[2025-11-09 22:56:01] [INFO] [MAIN] Unified logging system initialized
[2025-11-09 23:02:32] [INFO] [MAIN] Unified logging system initialized
[2025-11-09 23:21:32] [INFO] [MAIN] Unified logging system initialized
[2025-11-10 00:12:33] [INFO] [MAIN] Unified logging system initialized
[2025-11-10 00:17:04] [INFO] [MAIN] Unified logging system initialized
[2025-11-10 00:31:55] [INFO] [MAIN] Unified logging system initialized
[2025-11-18 10:51:11] [INFO] [MAIN] Unified logging system initialized
[2025-11-18 11:04:24] [INFO] [MAIN] Unified logging system initialized
[2025-11-18 11:09:58] [INFO] [MAIN] Unified logging system initialized
[2025-11-18 11:23:17] [INFO] [MAIN] Unified logging system initialized
[2025-11-18 11:34:06] [INFO] [MAIN] Unified logging system initialized
[2025-11-18 12:12:05] [INFO] [MAIN] Unified logging system initialized
[2025-11-18 12:13:25] [EXCEPTION] [TKINTER] Tkinter callback exception: invalid command name ".!frame.!frame.!syncpage.!canvas.!frame.!labelframe4.!frame.!text"
Traceback (most recent call last):
  File "C:\Users\saoud\AppData\Local\Programs\Python\Python312\Lib\tkinter\__init__.py", line 1968, in __call__
    return self.func(*args)
           ^^^^^^^^^^^^^^^^
  File "C:\Users\saoud\AppData\Local\Programs\Python\Python312\Lib\tkinter\__init__.py", line 862, in callit
    func(*args)
  File "c:\Users\saoud\Desktop\New folder\STFOOM\app\stfoom\ui\sync_page.py", line 798, in <lambda>
    self.after(0, lambda: self.log_message(f"Sync pull: {'OK' if ok else 'FAILED'}"))
                          ^^^^^^^^^^^^^^^^^^^^^^^^^^^^^^^^^^^^^^^^^^^^^^^^^^^^^^^^^^
  File "c:\Users\saoud\Desktop\New folder\STFOOM\app\stfoom\ui\sync_page.py", line 1197, in log_message
    self.log_text.insert("end", log_entry)
  File "C:\Users\saoud\AppData\Local\Programs\Python\Python312\Lib\tkinter\__init__.py", line 3844, in insert
    self.tk.call((self._w, 'insert', index, chars) + args)
_tkinter.TclError: invalid command name ".!frame.!frame.!syncpage.!canvas.!frame.!labelframe4.!frame.!text"
Extra: {'exc_type': 'TclError', 'timestamp': '2025-11-18 12:13:25'}
[2025-11-18 12:15:02] [INFO] [MAIN] Unified logging system initialized
[2025-11-18 12:21:17] [INFO] [MAIN] Unified logging system initialized
[2025-11-18 12:22:07] [EXCEPTION] [TKINTER] Tkinter callback exception: invalid command name ".!frame.!frame.!syncpage.!canvas.!frame.!labelframe4.!frame.!text"
Traceback (most recent call last):
  File "C:\Users\saoud\AppData\Local\Programs\Python\Python312\Lib\tkinter\__init__.py", line 1968, in __call__
    return self.func(*args)
           ^^^^^^^^^^^^^^^^
  File "C:\Users\saoud\AppData\Local\Programs\Python\Python312\Lib\tkinter\__init__.py", line 862, in callit
    func(*args)
  File "c:\Users\saoud\Desktop\New folder\STFOOM\app\stfoom\ui\sync_page.py", line 798, in <lambda>
    self.after(0, lambda: self.log_message(f"Sync pull: {'OK' if ok else 'FAILED'}"))
                          ^^^^^^^^^^^^^^^^^^^^^^^^^^^^^^^^^^^^^^^^^^^^^^^^^^^^^^^^^^
  File "c:\Users\saoud\Desktop\New folder\STFOOM\app\stfoom\ui\sync_page.py", line 1197, in log_message
    self.log_text.insert("end", log_entry)
  File "C:\Users\saoud\AppData\Local\Programs\Python\Python312\Lib\tkinter\__init__.py", line 3844, in insert
    self.tk.call((self._w, 'insert', index, chars) + args)
_tkinter.TclError: invalid command name ".!frame.!frame.!syncpage.!canvas.!frame.!labelframe4.!frame.!text"
Extra: {'exc_type': 'TclError', 'timestamp': '2025-11-18 12:22:07'}
[2025-11-18 13:41:36] [INFO] [MAIN] Unified logging system initialized
[2025-11-18 13:57:37] [INFO] [MAIN] Unified logging system initialized
[2025-11-18 14:01:14] [INFO] [MAIN] Unified logging system initialized
[2025-11-18 14:08:01] [INFO] [MAIN] Unified logging system initialized
[2025-11-18 14:14:30] [INFO] [MAIN] Unified logging system initialized
[2025-11-18 14:20:06] [INFO] [MAIN] Unified logging system initialized
[2025-11-18 14:32:37] [INFO] [MAIN] Unified logging system initialized
[2025-11-20 15:06:53] [INFO] [MAIN] Unified logging system initialized
[2025-11-23 16:14:31] [INFO] [MAIN] Unified logging system initialized
[2025-11-24 16:49:42] [INFO] [MAIN] Unified logging system initialized
[2025-11-24 16:53:51] [INFO] [MAIN] Unified logging system initialized
[2025-11-24 16:59:13] [INFO] [MAIN] Unified logging system initialized
[2025-11-24 17:39:31] [INFO] [MAIN] Unified logging system initialized
[2025-11-28 17:09:30] [INFO] [MAIN] Unified logging system initialized
[2025-11-29 08:42:55] [INFO] [MAIN] Unified logging system initialized
[2025-12-02 21:26:59] [INFO] [MAIN] Unified logging system initialized
[2025-12-02 21:36:05] [INFO] [MAIN] Unified logging system initialized
[2025-12-02 21:46:11] [INFO] [MAIN] Unified logging system initialized
[2025-12-02 22:36:07] [INFO] [MAIN] Unified logging system initialized
[2025-12-02 22:47:36] [INFO] [MAIN] Unified logging system initialized
[2025-12-04 23:50:41] [INFO] [MAIN] Unified logging system initialized
[2025-12-05 00:08:56] FACTURE INFO: Invoice generation started
[2025-12-05 00:08:56] FACTURE DEBUG: Using FactureService for generation
[2025-12-05 00:08:57] FACTURE INFO: Invoice generation completed successfully
[2025-12-05 00:50:48] [INFO] [MAIN] Unified logging system initialized
[2025-12-05 01:13:54] [INFO] [MAIN] Unified logging system initialized
[2025-12-06 11:27:02] [INFO] [MAIN] Unified logging system initialized
[2025-12-06 15:50:56] [INFO] [MAIN] Unified logging system initialized
